ERROR - 2024-10-02 09:35:23 --> mysqli_sql_exception: Column 'teacher_name' cannot be null in /var/www/html/vendor/codeigniter4/framework/system/Database/MySQLi/Connection.php:306
Stack trace:
#0 /var/www/html/vendor/codeigniter4/framework/system/Database/MySQLi/Connection.php(306): mysqli->query('INSERT INTO `te...', 0)
#1 /var/www/html/vendor/codeigniter4/framework/system/Database/BaseConnection.php(693): CodeIgniter\Database\MySQLi\Connection->execute('INSERT INTO `te...')
#2 /var/www/html/vendor/codeigniter4/framework/system/Database/BaseConnection.php(607): CodeIgniter\Database\BaseConnection->simpleQuery('INSERT INTO `te...')
#3 /var/www/html/vendor/codeigniter4/framework/system/Database/BaseBuilder.php(2307): CodeIgniter\Database\BaseConnection->query('INSERT INTO `te...', Array, false)
#4 /var/www/html/vendor/codeigniter4/framework/system/Model.php(327): CodeIgniter\Database\BaseBuilder->insert()
#5 /var/www/html/vendor/codeigniter4/framework/system/BaseModel.php(805): CodeIgniter\Model->doInsert(Array)
#6 /var/www/html/vendor/codeigniter4/framework/system/Model.php(749): CodeIgniter\BaseModel->insert(Array, true)
#7 /var/www/html/app/Controllers/TeacherregistrationController.php(64): CodeIgniter\Model->insert(Array)
#8 /var/www/html/vendor/codeigniter4/framework/system/CodeIgniter.php(943): App\Controllers\TeacherregistrationController->store()
#9 /var/www/html/vendor/codeigniter4/framework/system/CodeIgniter.php(503): CodeIgniter\CodeIgniter->runController(Object(App\Controllers\TeacherregistrationController))
#10 /var/www/html/vendor/codeigniter4/framework/system/CodeIgniter.php(361): CodeIgniter\CodeIgniter->handleRequest(NULL, Object(Config\Cache), false)
#11 /var/www/html/index.php(79): CodeIgniter\CodeIgniter->run()
#12 {main}
CRITICAL - 2024-10-02 09:35:23 --> CodeIgniter\Database\Exceptions\DatabaseException: Column 'teacher_name' cannot be null
in SYSTEMPATH/Database/BaseConnection.php on line 647.
 1 SYSTEMPATH/Database/BaseBuilder.php(2307): CodeIgniter\Database\BaseConnection->query('INSERT INTO `teacher_registration` (`teacher_id`, `teacher_name`, `teacher_email`, `teacher_mobile`, `teacher_password`) VALUES (:teacher_id:, :teacher_name:, :teacher_email:, :teacher_mobile:, :teacher_password:)', [...], false)
 2 SYSTEMPATH/Model.php(327): CodeIgniter\Database\BaseBuilder->insert()
 3 SYSTEMPATH/BaseModel.php(805): CodeIgniter\Model->doInsert([...])
 4 SYSTEMPATH/Model.php(749): CodeIgniter\BaseModel->insert([...], true)
 5 APPPATH/Controllers/TeacherregistrationController.php(64): CodeIgniter\Model->insert([...])
 6 SYSTEMPATH/CodeIgniter.php(943): App\Controllers\TeacherregistrationController->store()
 7 SYSTEMPATH/CodeIgniter.php(503): CodeIgniter\CodeIgniter->runController(Object(App\Controllers\TeacherregistrationController))
 8 SYSTEMPATH/CodeIgniter.php(361): CodeIgniter\CodeIgniter->handleRequest(null, Object(Config\Cache), false)
 9 FCPATH/index.php(79): CodeIgniter\CodeIgniter->run()
CRITICAL - 2024-10-02 09:35:23 --> [Caused by] CodeIgniter\Database\Exceptions\DatabaseException: Column 'teacher_name' cannot be null
in SYSTEMPATH/Database/MySQLi/Connection.php on line 311.
 1 SYSTEMPATH/Database/BaseConnection.php(693): CodeIgniter\Database\MySQLi\Connection->execute('INSERT INTO `teacher_registration` (`teacher_id`, `teacher_name`, `teacher_email`, `teacher_mobile`, `teacher_password`) VALUES (\'TEA24276BCE8F\', NULL, NULL, NULL, NULL)')
 2 SYSTEMPATH/Database/BaseConnection.php(607): CodeIgniter\Database\BaseConnection->simpleQuery('INSERT INTO `teacher_registration` (`teacher_id`, `teacher_name`, `teacher_email`, `teacher_mobile`, `teacher_password`) VALUES (\'TEA24276BCE8F\', NULL, NULL, NULL, NULL)')
 3 SYSTEMPATH/Database/BaseBuilder.php(2307): CodeIgniter\Database\BaseConnection->query('INSERT INTO `teacher_registration` (`teacher_id`, `teacher_name`, `teacher_email`, `teacher_mobile`, `teacher_password`) VALUES (:teacher_id:, :teacher_name:, :teacher_email:, :teacher_mobile:, :teacher_password:)', [...], false)
 4 SYSTEMPATH/Model.php(327): CodeIgniter\Database\BaseBuilder->insert()
 5 SYSTEMPATH/BaseModel.php(805): CodeIgniter\Model->doInsert([...])
 6 SYSTEMPATH/Model.php(749): CodeIgniter\BaseModel->insert([...], true)
 7 APPPATH/Controllers/TeacherregistrationController.php(64): CodeIgniter\Model->insert([...])
 8 SYSTEMPATH/CodeIgniter.php(943): App\Controllers\TeacherregistrationController->store()
 9 SYSTEMPATH/CodeIgniter.php(503): CodeIgniter\CodeIgniter->runController(Object(App\Controllers\TeacherregistrationController))
10 SYSTEMPATH/CodeIgniter.php(361): CodeIgniter\CodeIgniter->handleRequest(null, Object(Config\Cache), false)
11 FCPATH/index.php(79): CodeIgniter\CodeIgniter->run()
CRITICAL - 2024-10-02 09:35:23 --> [Caused by] mysqli_sql_exception: Column 'teacher_name' cannot be null
in SYSTEMPATH/Database/MySQLi/Connection.php on line 306.
 1 SYSTEMPATH/Database/MySQLi/Connection.php(306): mysqli->query('INSERT INTO `teacher_registration` (`teacher_id`, `teacher_name`, `teacher_email`, `teacher_mobile`, `teacher_password`) VALUES (\'TEA24276BCE8F\', NULL, NULL, NULL, NULL)', 0)
 2 SYSTEMPATH/Database/BaseConnection.php(693): CodeIgniter\Database\MySQLi\Connection->execute('INSERT INTO `teacher_registration` (`teacher_id`, `teacher_name`, `teacher_email`, `teacher_mobile`, `teacher_password`) VALUES (\'TEA24276BCE8F\', NULL, NULL, NULL, NULL)')
 3 SYSTEMPATH/Database/BaseConnection.php(607): CodeIgniter\Database\BaseConnection->simpleQuery('INSERT INTO `teacher_registration` (`teacher_id`, `teacher_name`, `teacher_email`, `teacher_mobile`, `teacher_password`) VALUES (\'TEA24276BCE8F\', NULL, NULL, NULL, NULL)')
 4 SYSTEMPATH/Database/BaseBuilder.php(2307): CodeIgniter\Database\BaseConnection->query('INSERT INTO `teacher_registration` (`teacher_id`, `teacher_name`, `teacher_email`, `teacher_mobile`, `teacher_password`) VALUES (:teacher_id:, :teacher_name:, :teacher_email:, :teacher_mobile:, :teacher_password:)', [...], false)
 5 SYSTEMPATH/Model.php(327): CodeIgniter\Database\BaseBuilder->insert()
 6 SYSTEMPATH/BaseModel.php(805): CodeIgniter\Model->doInsert([...])
 7 SYSTEMPATH/Model.php(749): CodeIgniter\BaseModel->insert([...], true)
 8 APPPATH/Controllers/TeacherregistrationController.php(64): CodeIgniter\Model->insert([...])
 9 SYSTEMPATH/CodeIgniter.php(943): App\Controllers\TeacherregistrationController->store()
10 SYSTEMPATH/CodeIgniter.php(503): CodeIgniter\CodeIgniter->runController(Object(App\Controllers\TeacherregistrationController))
11 SYSTEMPATH/CodeIgniter.php(361): CodeIgniter\CodeIgniter->handleRequest(null, Object(Config\Cache), false)
12 FCPATH/index.php(79): CodeIgniter\CodeIgniter->run()
ERROR - 2024-10-02 14:22:49 --> mysqli_sql_exception: Unknown column 'homepage_assets' in 'where clause' in /var/www/html/vendor/codeigniter4/framework/system/Database/MySQLi/Connection.php:306
Stack trace:
#0 /var/www/html/vendor/codeigniter4/framework/system/Database/MySQLi/Connection.php(306): mysqli->query(' SELECT *  FROM...', 0)
#1 /var/www/html/vendor/codeigniter4/framework/system/Database/BaseConnection.php(693): CodeIgniter\Database\MySQLi\Connection->execute(' SELECT *  FROM...')
#2 /var/www/html/vendor/codeigniter4/framework/system/Database/BaseConnection.php(607): CodeIgniter\Database\BaseConnection->simpleQuery(' SELECT *  FROM...')
#3 /var/www/html/app/Controllers/HomepageController.php(98): CodeIgniter\Database\BaseConnection->query(' SELECT *  FROM...')
#4 /var/www/html/vendor/codeigniter4/framework/system/CodeIgniter.php(943): App\Controllers\HomepageController->Course_details_view('homepage_assets', 'img', 'favicon.png')
#5 /var/www/html/vendor/codeigniter4/framework/system/CodeIgniter.php(503): CodeIgniter\CodeIgniter->runController(Object(App\Controllers\HomepageController))
#6 /var/www/html/vendor/codeigniter4/framework/system/CodeIgniter.php(361): CodeIgniter\CodeIgniter->handleRequest(NULL, Object(Config\Cache), false)
#7 /var/www/html/index.php(79): CodeIgniter\CodeIgniter->run()
#8 {main}
CRITICAL - 2024-10-02 14:22:49 --> CodeIgniter\Database\Exceptions\DatabaseException: Unknown column 'homepage_assets' in 'where clause'
in SYSTEMPATH/Database/BaseConnection.php on line 647.
 1 APPPATH/Controllers/HomepageController.php(98): CodeIgniter\Database\BaseConnection->query(' SELECT *  FROM course_content
                                WHERE course_id = homepage_assets
                                GROUP BY chapter_id
                                ORDER BY course_content_id ')
 2 SYSTEMPATH/CodeIgniter.php(943): App\Controllers\HomepageController->Course_details_view('homepage_assets', 'img', 'favicon.png')
 3 SYSTEMPATH/CodeIgniter.php(503): CodeIgniter\CodeIgniter->runController(Object(App\Controllers\HomepageController))
 4 SYSTEMPATH/CodeIgniter.php(361): CodeIgniter\CodeIgniter->handleRequest(null, Object(Config\Cache), false)
 5 FCPATH/index.php(79): CodeIgniter\CodeIgniter->run()
CRITICAL - 2024-10-02 14:22:49 --> [Caused by] CodeIgniter\Database\Exceptions\DatabaseException: Unknown column 'homepage_assets' in 'where clause'
in SYSTEMPATH/Database/MySQLi/Connection.php on line 311.
 1 SYSTEMPATH/Database/BaseConnection.php(693): CodeIgniter\Database\MySQLi\Connection->execute(' SELECT *  FROM course_content
                                WHERE course_id = homepage_assets
                                GROUP BY chapter_id
                                ORDER BY course_content_id ')
 2 SYSTEMPATH/Database/BaseConnection.php(607): CodeIgniter\Database\BaseConnection->simpleQuery(' SELECT *  FROM course_content
                                WHERE course_id = homepage_assets
                                GROUP BY chapter_id
                                ORDER BY course_content_id ')
 3 APPPATH/Controllers/HomepageController.php(98): CodeIgniter\Database\BaseConnection->query(' SELECT *  FROM course_content
                                WHERE course_id = homepage_assets
                                GROUP BY chapter_id
                                ORDER BY course_content_id ')
 4 SYSTEMPATH/CodeIgniter.php(943): App\Controllers\HomepageController->Course_details_view('homepage_assets', 'img', 'favicon.png')
 5 SYSTEMPATH/CodeIgniter.php(503): CodeIgniter\CodeIgniter->runController(Object(App\Controllers\HomepageController))
 6 SYSTEMPATH/CodeIgniter.php(361): CodeIgniter\CodeIgniter->handleRequest(null, Object(Config\Cache), false)
 7 FCPATH/index.php(79): CodeIgniter\CodeIgniter->run()
CRITICAL - 2024-10-02 14:22:49 --> [Caused by] mysqli_sql_exception: Unknown column 'homepage_assets' in 'where clause'
in SYSTEMPATH/Database/MySQLi/Connection.php on line 306.
 1 SYSTEMPATH/Database/MySQLi/Connection.php(306): mysqli->query(' SELECT *  FROM course_content
                                WHERE course_id = homepage_assets
                                GROUP BY chapter_id
                                ORDER BY course_content_id ', 0)
 2 SYSTEMPATH/Database/BaseConnection.php(693): CodeIgniter\Database\MySQLi\Connection->execute(' SELECT *  FROM course_content
                                WHERE course_id = homepage_assets
                                GROUP BY chapter_id
                                ORDER BY course_content_id ')
 3 SYSTEMPATH/Database/BaseConnection.php(607): CodeIgniter\Database\BaseConnection->simpleQuery(' SELECT *  FROM course_content
                                WHERE course_id = homepage_assets
                                GROUP BY chapter_id
                                ORDER BY course_content_id ')
 4 APPPATH/Controllers/HomepageController.php(98): CodeIgniter\Database\BaseConnection->query(' SELECT *  FROM course_content
                                WHERE course_id = homepage_assets
                                GROUP BY chapter_id
                                ORDER BY course_content_id ')
 5 SYSTEMPATH/CodeIgniter.php(943): App\Controllers\HomepageController->Course_details_view('homepage_assets', 'img', 'favicon.png')
 6 SYSTEMPATH/CodeIgniter.php(503): CodeIgniter\CodeIgniter->runController(Object(App\Controllers\HomepageController))
 7 SYSTEMPATH/CodeIgniter.php(361): CodeIgniter\CodeIgniter->handleRequest(null, Object(Config\Cache), false)
 8 FCPATH/index.php(79): CodeIgniter\CodeIgniter->run()
ERROR - 2024-10-02 14:23:01 --> mysqli_sql_exception: Unknown column 'homepage_assets' in 'where clause' in /var/www/html/vendor/codeigniter4/framework/system/Database/MySQLi/Connection.php:306
Stack trace:
#0 /var/www/html/vendor/codeigniter4/framework/system/Database/MySQLi/Connection.php(306): mysqli->query(' SELECT *  FROM...', 0)
#1 /var/www/html/vendor/codeigniter4/framework/system/Database/BaseConnection.php(693): CodeIgniter\Database\MySQLi\Connection->execute(' SELECT *  FROM...')
#2 /var/www/html/vendor/codeigniter4/framework/system/Database/BaseConnection.php(607): CodeIgniter\Database\BaseConnection->simpleQuery(' SELECT *  FROM...')
#3 /var/www/html/app/Controllers/HomepageController.php(98): CodeIgniter\Database\BaseConnection->query(' SELECT *  FROM...')
#4 /var/www/html/vendor/codeigniter4/framework/system/CodeIgniter.php(943): App\Controllers\HomepageController->Course_details_view('homepage_assets', 'img', 'favicon.png')
#5 /var/www/html/vendor/codeigniter4/framework/system/CodeIgniter.php(503): CodeIgniter\CodeIgniter->runController(Object(App\Controllers\HomepageController))
#6 /var/www/html/vendor/codeigniter4/framework/system/CodeIgniter.php(361): CodeIgniter\CodeIgniter->handleRequest(NULL, Object(Config\Cache), false)
#7 /var/www/html/index.php(79): CodeIgniter\CodeIgniter->run()
#8 {main}
CRITICAL - 2024-10-02 14:23:01 --> CodeIgniter\Database\Exceptions\DatabaseException: Unknown column 'homepage_assets' in 'where clause'
in SYSTEMPATH/Database/BaseConnection.php on line 647.
 1 APPPATH/Controllers/HomepageController.php(98): CodeIgniter\Database\BaseConnection->query(' SELECT *  FROM course_content
                                WHERE course_id = homepage_assets
                                GROUP BY chapter_id
                                ORDER BY course_content_id ')
 2 SYSTEMPATH/CodeIgniter.php(943): App\Controllers\HomepageController->Course_details_view('homepage_assets', 'img', 'favicon.png')
 3 SYSTEMPATH/CodeIgniter.php(503): CodeIgniter\CodeIgniter->runController(Object(App\Controllers\HomepageController))
 4 SYSTEMPATH/CodeIgniter.php(361): CodeIgniter\CodeIgniter->handleRequest(null, Object(Config\Cache), false)
 5 FCPATH/index.php(79): CodeIgniter\CodeIgniter->run()
CRITICAL - 2024-10-02 14:23:01 --> [Caused by] CodeIgniter\Database\Exceptions\DatabaseException: Unknown column 'homepage_assets' in 'where clause'
in SYSTEMPATH/Database/MySQLi/Connection.php on line 311.
 1 SYSTEMPATH/Database/BaseConnection.php(693): CodeIgniter\Database\MySQLi\Connection->execute(' SELECT *  FROM course_content
                                WHERE course_id = homepage_assets
                                GROUP BY chapter_id
                                ORDER BY course_content_id ')
 2 SYSTEMPATH/Database/BaseConnection.php(607): CodeIgniter\Database\BaseConnection->simpleQuery(' SELECT *  FROM course_content
                                WHERE course_id = homepage_assets
                                GROUP BY chapter_id
                                ORDER BY course_content_id ')
 3 APPPATH/Controllers/HomepageController.php(98): CodeIgniter\Database\BaseConnection->query(' SELECT *  FROM course_content
                                WHERE course_id = homepage_assets
                                GROUP BY chapter_id
                                ORDER BY course_content_id ')
 4 SYSTEMPATH/CodeIgniter.php(943): App\Controllers\HomepageController->Course_details_view('homepage_assets', 'img', 'favicon.png')
 5 SYSTEMPATH/CodeIgniter.php(503): CodeIgniter\CodeIgniter->runController(Object(App\Controllers\HomepageController))
 6 SYSTEMPATH/CodeIgniter.php(361): CodeIgniter\CodeIgniter->handleRequest(null, Object(Config\Cache), false)
 7 FCPATH/index.php(79): CodeIgniter\CodeIgniter->run()
CRITICAL - 2024-10-02 14:23:01 --> [Caused by] mysqli_sql_exception: Unknown column 'homepage_assets' in 'where clause'
in SYSTEMPATH/Database/MySQLi/Connection.php on line 306.
 1 SYSTEMPATH/Database/MySQLi/Connection.php(306): mysqli->query(' SELECT *  FROM course_content
                                WHERE course_id = homepage_assets
                                GROUP BY chapter_id
                                ORDER BY course_content_id ', 0)
 2 SYSTEMPATH/Database/BaseConnection.php(693): CodeIgniter\Database\MySQLi\Connection->execute(' SELECT *  FROM course_content
                                WHERE course_id = homepage_assets
                                GROUP BY chapter_id
                                ORDER BY course_content_id ')
 3 SYSTEMPATH/Database/BaseConnection.php(607): CodeIgniter\Database\BaseConnection->simpleQuery(' SELECT *  FROM course_content
                                WHERE course_id = homepage_assets
                                GROUP BY chapter_id
                                ORDER BY course_content_id ')
 4 APPPATH/Controllers/HomepageController.php(98): CodeIgniter\Database\BaseConnection->query(' SELECT *  FROM course_content
                                WHERE course_id = homepage_assets
                                GROUP BY chapter_id
                                ORDER BY course_content_id ')
 5 SYSTEMPATH/CodeIgniter.php(943): App\Controllers\HomepageController->Course_details_view('homepage_assets', 'img', 'favicon.png')
 6 SYSTEMPATH/CodeIgniter.php(503): CodeIgniter\CodeIgniter->runController(Object(App\Controllers\HomepageController))
 7 SYSTEMPATH/CodeIgniter.php(361): CodeIgniter\CodeIgniter->handleRequest(null, Object(Config\Cache), false)
 8 FCPATH/index.php(79): CodeIgniter\CodeIgniter->run()
