INFO - 2025-09-03 00:35:07 --> Session: Class initialized using 'CodeIgniter\Session\Handlers\FileHandler' driver.
INFO - 2025-09-03 00:35:18 --> Session: Class initialized using 'CodeIgniter\Session\Handlers\FileHandler' driver.
INFO - 2025-09-03 00:59:58 --> Session: Class initialized using 'CodeIgniter\Session\Handlers\FileHandler' driver.
INFO - 2025-09-03 01:06:18 --> Session: Class initialized using 'CodeIgniter\Session\Handlers\FileHandler' driver.
INFO - 2025-09-03 01:06:19 --> Session: Class initialized using 'CodeIgniter\Session\Handlers\FileHandler' driver.
INFO - 2025-09-03 01:06:23 --> Session: Class initialized using 'CodeIgniter\Session\Handlers\FileHandler' driver.
INFO - 2025-09-03 01:20:53 --> Session: Class initialized using 'CodeIgniter\Session\Handlers\FileHandler' driver.
INFO - 2025-09-03 01:20:56 --> Session: Class initialized using 'CodeIgniter\Session\Handlers\FileHandler' driver.
INFO - 2025-09-03 01:21:05 --> Session: Class initialized using 'CodeIgniter\Session\Handlers\FileHandler' driver.
INFO - 2025-09-03 01:59:44 --> Session: Class initialized using 'CodeIgniter\Session\Handlers\FileHandler' driver.
INFO - 2025-09-03 02:39:37 --> Session: Class initialized using 'CodeIgniter\Session\Handlers\FileHandler' driver.
INFO - 2025-09-03 02:39:37 --> Session: Class initialized using 'CodeIgniter\Session\Handlers\FileHandler' driver.
INFO - 2025-09-03 03:36:31 --> Session: Class initialized using 'CodeIgniter\Session\Handlers\FileHandler' driver.
INFO - 2025-09-03 04:01:38 --> Session: Class initialized using 'CodeIgniter\Session\Handlers\FileHandler' driver.
INFO - 2025-09-03 04:01:50 --> Session: Class initialized using 'CodeIgniter\Session\Handlers\FileHandler' driver.
INFO - 2025-09-03 04:17:18 --> Session: Class initialized using 'CodeIgniter\Session\Handlers\FileHandler' driver.
INFO - 2025-09-03 04:59:41 --> Session: Class initialized using 'CodeIgniter\Session\Handlers\FileHandler' driver.
INFO - 2025-09-03 05:00:18 --> Session: Class initialized using 'CodeIgniter\Session\Handlers\FileHandler' driver.
INFO - 2025-09-03 05:16:59 --> Session: Class initialized using 'CodeIgniter\Session\Handlers\FileHandler' driver.
INFO - 2025-09-03 05:18:49 --> Session: Class initialized using 'CodeIgniter\Session\Handlers\FileHandler' driver.
INFO - 2025-09-03 05:45:49 --> Session: Class initialized using 'CodeIgniter\Session\Handlers\FileHandler' driver.
INFO - 2025-09-03 06:41:01 --> Session: Class initialized using 'CodeIgniter\Session\Handlers\FileHandler' driver.
INFO - 2025-09-03 06:45:24 --> Session: Class initialized using 'CodeIgniter\Session\Handlers\FileHandler' driver.
INFO - 2025-09-03 06:57:01 --> Session: Class initialized using 'CodeIgniter\Session\Handlers\FileHandler' driver.
INFO - 2025-09-03 06:59:31 --> Session: Class initialized using 'CodeIgniter\Session\Handlers\FileHandler' driver.
INFO - 2025-09-03 07:10:22 --> Session: Class initialized using 'CodeIgniter\Session\Handlers\FileHandler' driver.
INFO - 2025-09-03 07:10:23 --> Session: Class initialized using 'CodeIgniter\Session\Handlers\FileHandler' driver.
INFO - 2025-09-03 07:10:23 --> Session: Class initialized using 'CodeIgniter\Session\Handlers\FileHandler' driver.
INFO - 2025-09-03 07:10:24 --> Session: Class initialized using 'CodeIgniter\Session\Handlers\FileHandler' driver.
INFO - 2025-09-03 07:10:25 --> Session: Class initialized using 'CodeIgniter\Session\Handlers\FileHandler' driver.
INFO - 2025-09-03 07:10:25 --> Session: Class initialized using 'CodeIgniter\Session\Handlers\FileHandler' driver.
INFO - 2025-09-03 07:23:36 --> Session: Class initialized using 'CodeIgniter\Session\Handlers\FileHandler' driver.
INFO - 2025-09-03 07:37:33 --> Session: Class initialized using 'CodeIgniter\Session\Handlers\FileHandler' driver.
INFO - 2025-09-03 07:50:22 --> Session: Class initialized using 'CodeIgniter\Session\Handlers\FileHandler' driver.
INFO - 2025-09-03 08:08:19 --> Session: Class initialized using 'CodeIgniter\Session\Handlers\FileHandler' driver.
INFO - 2025-09-03 08:34:25 --> Session: Class initialized using 'CodeIgniter\Session\Handlers\FileHandler' driver.
INFO - 2025-09-03 08:57:47 --> Session: Class initialized using 'CodeIgniter\Session\Handlers\FileHandler' driver.
INFO - 2025-09-03 09:41:25 --> Session: Class initialized using 'CodeIgniter\Session\Handlers\FileHandler' driver.
INFO - 2025-09-03 09:41:56 --> Session: Class initialized using 'CodeIgniter\Session\Handlers\FileHandler' driver.
INFO - 2025-09-03 09:41:59 --> Session: Class initialized using 'CodeIgniter\Session\Handlers\FileHandler' driver.
INFO - 2025-09-03 09:55:54 --> Session: Class initialized using 'CodeIgniter\Session\Handlers\FileHandler' driver.
INFO - 2025-09-03 10:41:25 --> Session: Class initialized using 'CodeIgniter\Session\Handlers\FileHandler' driver.
INFO - 2025-09-03 11:12:09 --> Session: Class initialized using 'CodeIgniter\Session\Handlers\FileHandler' driver.
INFO - 2025-09-03 12:04:42 --> Session: Class initialized using 'CodeIgniter\Session\Handlers\FileHandler' driver.
INFO - 2025-09-03 13:36:08 --> Session: Class initialized using 'CodeIgniter\Session\Handlers\FileHandler' driver.
INFO - 2025-09-03 13:36:17 --> Session: Class initialized using 'CodeIgniter\Session\Handlers\FileHandler' driver.
INFO - 2025-09-03 13:36:23 --> Session: Class initialized using 'CodeIgniter\Session\Handlers\FileHandler' driver.
INFO - 2025-09-03 13:38:53 --> Session: Class initialized using 'CodeIgniter\Session\Handlers\FileHandler' driver.
INFO - 2025-09-03 14:07:17 --> Session: Class initialized using 'CodeIgniter\Session\Handlers\FileHandler' driver.
INFO - 2025-09-03 14:36:13 --> Session: Class initialized using 'CodeIgniter\Session\Handlers\FileHandler' driver.
INFO - 2025-09-03 14:37:27 --> Session: Class initialized using 'CodeIgniter\Session\Handlers\FileHandler' driver.
INFO - 2025-09-03 15:09:20 --> Session: Class initialized using 'CodeIgniter\Session\Handlers\FileHandler' driver.
INFO - 2025-09-03 16:13:54 --> Session: Class initialized using 'CodeIgniter\Session\Handlers\FileHandler' driver.
INFO - 2025-09-03 16:13:58 --> Session: Class initialized using 'CodeIgniter\Session\Handlers\FileHandler' driver.
INFO - 2025-09-03 16:14:07 --> Session: Class initialized using 'CodeIgniter\Session\Handlers\FileHandler' driver.
INFO - 2025-09-03 16:38:24 --> Session: Class initialized using 'CodeIgniter\Session\Handlers\FileHandler' driver.
CRITICAL - 2025-09-03 16:38:24 --> ErrorException: Undefined variable: course_title
in APPPATH/Views/student/course_details_left_contain.php on line 24.
 1 APPPATH/Views/student/course_details_left_contain.php(24): CodeIgniter\Debug\Exceptions->errorHandler(8, 'Undefined variable: course_title', '/var/www/html/app/Views/student/course_details_left_contain.php', 24, [...])
 2 APPPATH/Views/student/CourseDetailsView.php(74): include_once('/var/www/html/app/Views/student/course_details_left_contain.php')
 3 SYSTEMPATH/View/View.php(228): include('/var/www/html/app/Views/student/CourseDetailsView.php')
 4 SYSTEMPATH/View/View.php(231): CodeIgniter\View\View->CodeIgniter\View\{closure}()
 5 SYSTEMPATH/Common.php(1178): CodeIgniter\View\View->render('student/CourseDetailsView', [], true)
 6 APPPATH/Controllers/HomepageController.php(189): view('student/CourseDetailsView', [...])
 7 SYSTEMPATH/CodeIgniter.php(943): App\Controllers\HomepageController->Course_details_view('69')
 8 SYSTEMPATH/CodeIgniter.php(503): CodeIgniter\CodeIgniter->runController(Object(App\Controllers\HomepageController))
 9 SYSTEMPATH/CodeIgniter.php(361): CodeIgniter\CodeIgniter->handleRequest(null, Object(Config\Cache), false)
10 FCPATH/index.php(79): CodeIgniter\CodeIgniter->run()
INFO - 2025-09-03 16:52:56 --> Session: Class initialized using 'CodeIgniter\Session\Handlers\FileHandler' driver.
INFO - 2025-09-03 17:06:16 --> Session: Class initialized using 'CodeIgniter\Session\Handlers\FileHandler' driver.
INFO - 2025-09-03 17:09:46 --> Session: Class initialized using 'CodeIgniter\Session\Handlers\FileHandler' driver.
INFO - 2025-09-03 17:13:00 --> Session: Class initialized using 'CodeIgniter\Session\Handlers\FileHandler' driver.
INFO - 2025-09-03 17:16:38 --> Session: Class initialized using 'CodeIgniter\Session\Handlers\FileHandler' driver.
INFO - 2025-09-03 17:20:51 --> Session: Class initialized using 'CodeIgniter\Session\Handlers\FileHandler' driver.
INFO - 2025-09-03 17:26:18 --> Session: Class initialized using 'CodeIgniter\Session\Handlers\FileHandler' driver.
INFO - 2025-09-03 17:31:24 --> Session: Class initialized using 'CodeIgniter\Session\Handlers\FileHandler' driver.
INFO - 2025-09-03 17:40:48 --> Session: Class initialized using 'CodeIgniter\Session\Handlers\FileHandler' driver.
INFO - 2025-09-03 17:50:18 --> Session: Class initialized using 'CodeIgniter\Session\Handlers\FileHandler' driver.
INFO - 2025-09-03 18:00:00 --> Session: Class initialized using 'CodeIgniter\Session\Handlers\FileHandler' driver.
INFO - 2025-09-03 18:12:45 --> Session: Class initialized using 'CodeIgniter\Session\Handlers\FileHandler' driver.
INFO - 2025-09-03 18:12:51 --> Session: Class initialized using 'CodeIgniter\Session\Handlers\FileHandler' driver.
INFO - 2025-09-03 18:20:46 --> Session: Class initialized using 'CodeIgniter\Session\Handlers\FileHandler' driver.
INFO - 2025-09-03 18:20:47 --> Session: Class initialized using 'CodeIgniter\Session\Handlers\FileHandler' driver.
INFO - 2025-09-03 18:20:51 --> Session: Class initialized using 'CodeIgniter\Session\Handlers\FileHandler' driver.
INFO - 2025-09-03 18:28:47 --> Session: Class initialized using 'CodeIgniter\Session\Handlers\FileHandler' driver.
INFO - 2025-09-03 18:30:39 --> Session: Class initialized using 'CodeIgniter\Session\Handlers\FileHandler' driver.
ERROR - 2025-09-03 18:30:40 --> mysqli_sql_exception: Column 'teacher_name' cannot be null in /var/www/html/vendor/codeigniter4/framework/system/Database/MySQLi/Connection.php:306
Stack trace:
#0 /var/www/html/vendor/codeigniter4/framework/system/Database/MySQLi/Connection.php(306): mysqli->query('INSERT INTO `te...', 0)
#1 /var/www/html/vendor/codeigniter4/framework/system/Database/BaseConnection.php(693): CodeIgniter\Database\MySQLi\Connection->execute('INSERT INTO `te...')
#2 /var/www/html/vendor/codeigniter4/framework/system/Database/BaseConnection.php(607): CodeIgniter\Database\BaseConnection->simpleQuery('INSERT INTO `te...')
#3 /var/www/html/vendor/codeigniter4/framework/system/Database/BaseBuilder.php(2307): CodeIgniter\Database\BaseConnection->query('INSERT INTO `te...', Array, false)
#4 /var/www/html/vendor/codeigniter4/framework/system/Model.php(327): CodeIgniter\Database\BaseBuilder->insert()
#5 /var/www/html/vendor/codeigniter4/framework/system/BaseModel.php(805): CodeIgniter\Model->doInsert(Array)
#6 /var/www/html/vendor/codeigniter4/framework/system/Model.php(749): CodeIgniter\BaseModel->insert(Array, true)
#7 /var/www/html/app/Controllers/TeacherregistrationController.php(64): CodeIgniter\Model->insert(Array)
#8 /var/www/html/vendor/codeigniter4/framework/system/CodeIgniter.php(943): App\Controllers\TeacherregistrationController->store()
#9 /var/www/html/vendor/codeigniter4/framework/system/CodeIgniter.php(503): CodeIgniter\CodeIgniter->runController(Object(App\Controllers\TeacherregistrationController))
#10 /var/www/html/vendor/codeigniter4/framework/system/CodeIgniter.php(361): CodeIgniter\CodeIgniter->handleRequest(NULL, Object(Config\Cache), false)
#11 /var/www/html/index.php(79): CodeIgniter\CodeIgniter->run()
#12 {main}
CRITICAL - 2025-09-03 18:30:40 --> CodeIgniter\Database\Exceptions\DatabaseException: Column 'teacher_name' cannot be null
in SYSTEMPATH/Database/BaseConnection.php on line 647.
 1 SYSTEMPATH/Database/BaseBuilder.php(2307): CodeIgniter\Database\BaseConnection->query('INSERT INTO `teacher_registration` (`teacher_id`, `teacher_name`, `teacher_email`, `teacher_mobile`, `teacher_password`) VALUES (:teacher_id:, :teacher_name:, :teacher_email:, :teacher_mobile:, :teacher_password:)', [...], false)
 2 SYSTEMPATH/Model.php(327): CodeIgniter\Database\BaseBuilder->insert()
 3 SYSTEMPATH/BaseModel.php(805): CodeIgniter\Model->doInsert([...])
 4 SYSTEMPATH/Model.php(749): CodeIgniter\BaseModel->insert([...], true)
 5 APPPATH/Controllers/TeacherregistrationController.php(64): CodeIgniter\Model->insert([...])
 6 SYSTEMPATH/CodeIgniter.php(943): App\Controllers\TeacherregistrationController->store()
 7 SYSTEMPATH/CodeIgniter.php(503): CodeIgniter\CodeIgniter->runController(Object(App\Controllers\TeacherregistrationController))
 8 SYSTEMPATH/CodeIgniter.php(361): CodeIgniter\CodeIgniter->handleRequest(null, Object(Config\Cache), false)
 9 FCPATH/index.php(79): CodeIgniter\CodeIgniter->run()
CRITICAL - 2025-09-03 18:30:40 --> [Caused by] CodeIgniter\Database\Exceptions\DatabaseException: Column 'teacher_name' cannot be null
in SYSTEMPATH/Database/MySQLi/Connection.php on line 311.
 1 SYSTEMPATH/Database/BaseConnection.php(693): CodeIgniter\Database\MySQLi\Connection->execute('INSERT INTO `teacher_registration` (`teacher_id`, `teacher_name`, `teacher_email`, `teacher_mobile`, `teacher_password`) VALUES (\'TEA2524682A93\', NULL, NULL, NULL, NULL)')
 2 SYSTEMPATH/Database/BaseConnection.php(607): CodeIgniter\Database\BaseConnection->simpleQuery('INSERT INTO `teacher_registration` (`teacher_id`, `teacher_name`, `teacher_email`, `teacher_mobile`, `teacher_password`) VALUES (\'TEA2524682A93\', NULL, NULL, NULL, NULL)')
 3 SYSTEMPATH/Database/BaseBuilder.php(2307): CodeIgniter\Database\BaseConnection->query('INSERT INTO `teacher_registration` (`teacher_id`, `teacher_name`, `teacher_email`, `teacher_mobile`, `teacher_password`) VALUES (:teacher_id:, :teacher_name:, :teacher_email:, :teacher_mobile:, :teacher_password:)', [...], false)
 4 SYSTEMPATH/Model.php(327): CodeIgniter\Database\BaseBuilder->insert()
 5 SYSTEMPATH/BaseModel.php(805): CodeIgniter\Model->doInsert([...])
 6 SYSTEMPATH/Model.php(749): CodeIgniter\BaseModel->insert([...], true)
 7 APPPATH/Controllers/TeacherregistrationController.php(64): CodeIgniter\Model->insert([...])
 8 SYSTEMPATH/CodeIgniter.php(943): App\Controllers\TeacherregistrationController->store()
 9 SYSTEMPATH/CodeIgniter.php(503): CodeIgniter\CodeIgniter->runController(Object(App\Controllers\TeacherregistrationController))
10 SYSTEMPATH/CodeIgniter.php(361): CodeIgniter\CodeIgniter->handleRequest(null, Object(Config\Cache), false)
11 FCPATH/index.php(79): CodeIgniter\CodeIgniter->run()
CRITICAL - 2025-09-03 18:30:40 --> [Caused by] mysqli_sql_exception: Column 'teacher_name' cannot be null
in SYSTEMPATH/Database/MySQLi/Connection.php on line 306.
 1 SYSTEMPATH/Database/MySQLi/Connection.php(306): mysqli->query('INSERT INTO `teacher_registration` (`teacher_id`, `teacher_name`, `teacher_email`, `teacher_mobile`, `teacher_password`) VALUES (\'TEA2524682A93\', NULL, NULL, NULL, NULL)', 0)
 2 SYSTEMPATH/Database/BaseConnection.php(693): CodeIgniter\Database\MySQLi\Connection->execute('INSERT INTO `teacher_registration` (`teacher_id`, `teacher_name`, `teacher_email`, `teacher_mobile`, `teacher_password`) VALUES (\'TEA2524682A93\', NULL, NULL, NULL, NULL)')
 3 SYSTEMPATH/Database/BaseConnection.php(607): CodeIgniter\Database\BaseConnection->simpleQuery('INSERT INTO `teacher_registration` (`teacher_id`, `teacher_name`, `teacher_email`, `teacher_mobile`, `teacher_password`) VALUES (\'TEA2524682A93\', NULL, NULL, NULL, NULL)')
 4 SYSTEMPATH/Database/BaseBuilder.php(2307): CodeIgniter\Database\BaseConnection->query('INSERT INTO `teacher_registration` (`teacher_id`, `teacher_name`, `teacher_email`, `teacher_mobile`, `teacher_password`) VALUES (:teacher_id:, :teacher_name:, :teacher_email:, :teacher_mobile:, :teacher_password:)', [...], false)
 5 SYSTEMPATH/Model.php(327): CodeIgniter\Database\BaseBuilder->insert()
 6 SYSTEMPATH/BaseModel.php(805): CodeIgniter\Model->doInsert([...])
 7 SYSTEMPATH/Model.php(749): CodeIgniter\BaseModel->insert([...], true)
 8 APPPATH/Controllers/TeacherregistrationController.php(64): CodeIgniter\Model->insert([...])
 9 SYSTEMPATH/CodeIgniter.php(943): App\Controllers\TeacherregistrationController->store()
10 SYSTEMPATH/CodeIgniter.php(503): CodeIgniter\CodeIgniter->runController(Object(App\Controllers\TeacherregistrationController))
11 SYSTEMPATH/CodeIgniter.php(361): CodeIgniter\CodeIgniter->handleRequest(null, Object(Config\Cache), false)
12 FCPATH/index.php(79): CodeIgniter\CodeIgniter->run()
INFO - 2025-09-03 18:47:51 --> Session: Class initialized using 'CodeIgniter\Session\Handlers\FileHandler' driver.
ERROR - 2025-09-03 18:47:51 --> mysqli_sql_exception: Column 'teacher_name' cannot be null in /var/www/html/vendor/codeigniter4/framework/system/Database/MySQLi/Connection.php:306
Stack trace:
#0 /var/www/html/vendor/codeigniter4/framework/system/Database/MySQLi/Connection.php(306): mysqli->query('INSERT INTO `te...', 0)
#1 /var/www/html/vendor/codeigniter4/framework/system/Database/BaseConnection.php(693): CodeIgniter\Database\MySQLi\Connection->execute('INSERT INTO `te...')
#2 /var/www/html/vendor/codeigniter4/framework/system/Database/BaseConnection.php(607): CodeIgniter\Database\BaseConnection->simpleQuery('INSERT INTO `te...')
#3 /var/www/html/vendor/codeigniter4/framework/system/Database/BaseBuilder.php(2307): CodeIgniter\Database\BaseConnection->query('INSERT INTO `te...', Array, false)
#4 /var/www/html/vendor/codeigniter4/framework/system/Model.php(327): CodeIgniter\Database\BaseBuilder->insert()
#5 /var/www/html/vendor/codeigniter4/framework/system/BaseModel.php(805): CodeIgniter\Model->doInsert(Array)
#6 /var/www/html/vendor/codeigniter4/framework/system/Model.php(749): CodeIgniter\BaseModel->insert(Array, true)
#7 /var/www/html/app/Controllers/TeacherregistrationController.php(64): CodeIgniter\Model->insert(Array)
#8 /var/www/html/vendor/codeigniter4/framework/system/CodeIgniter.php(943): App\Controllers\TeacherregistrationController->store()
#9 /var/www/html/vendor/codeigniter4/framework/system/CodeIgniter.php(503): CodeIgniter\CodeIgniter->runController(Object(App\Controllers\TeacherregistrationController))
#10 /var/www/html/vendor/codeigniter4/framework/system/CodeIgniter.php(361): CodeIgniter\CodeIgniter->handleRequest(NULL, Object(Config\Cache), false)
#11 /var/www/html/index.php(79): CodeIgniter\CodeIgniter->run()
#12 {main}
CRITICAL - 2025-09-03 18:47:51 --> CodeIgniter\Database\Exceptions\DatabaseException: Column 'teacher_name' cannot be null
in SYSTEMPATH/Database/BaseConnection.php on line 647.
 1 SYSTEMPATH/Database/BaseBuilder.php(2307): CodeIgniter\Database\BaseConnection->query('INSERT INTO `teacher_registration` (`teacher_id`, `teacher_name`, `teacher_email`, `teacher_mobile`, `teacher_password`) VALUES (:teacher_id:, :teacher_name:, :teacher_email:, :teacher_mobile:, :teacher_password:)', [...], false)
 2 SYSTEMPATH/Model.php(327): CodeIgniter\Database\BaseBuilder->insert()
 3 SYSTEMPATH/BaseModel.php(805): CodeIgniter\Model->doInsert([...])
 4 SYSTEMPATH/Model.php(749): CodeIgniter\BaseModel->insert([...], true)
 5 APPPATH/Controllers/TeacherregistrationController.php(64): CodeIgniter\Model->insert([...])
 6 SYSTEMPATH/CodeIgniter.php(943): App\Controllers\TeacherregistrationController->store()
 7 SYSTEMPATH/CodeIgniter.php(503): CodeIgniter\CodeIgniter->runController(Object(App\Controllers\TeacherregistrationController))
 8 SYSTEMPATH/CodeIgniter.php(361): CodeIgniter\CodeIgniter->handleRequest(null, Object(Config\Cache), false)
 9 FCPATH/index.php(79): CodeIgniter\CodeIgniter->run()
CRITICAL - 2025-09-03 18:47:51 --> [Caused by] CodeIgniter\Database\Exceptions\DatabaseException: Column 'teacher_name' cannot be null
in SYSTEMPATH/Database/MySQLi/Connection.php on line 311.
 1 SYSTEMPATH/Database/BaseConnection.php(693): CodeIgniter\Database\MySQLi\Connection->execute('INSERT INTO `teacher_registration` (`teacher_id`, `teacher_name`, `teacher_email`, `teacher_mobile`, `teacher_password`) VALUES (\'TEA2524655BC9\', NULL, NULL, NULL, NULL)')
 2 SYSTEMPATH/Database/BaseConnection.php(607): CodeIgniter\Database\BaseConnection->simpleQuery('INSERT INTO `teacher_registration` (`teacher_id`, `teacher_name`, `teacher_email`, `teacher_mobile`, `teacher_password`) VALUES (\'TEA2524655BC9\', NULL, NULL, NULL, NULL)')
 3 SYSTEMPATH/Database/BaseBuilder.php(2307): CodeIgniter\Database\BaseConnection->query('INSERT INTO `teacher_registration` (`teacher_id`, `teacher_name`, `teacher_email`, `teacher_mobile`, `teacher_password`) VALUES (:teacher_id:, :teacher_name:, :teacher_email:, :teacher_mobile:, :teacher_password:)', [...], false)
 4 SYSTEMPATH/Model.php(327): CodeIgniter\Database\BaseBuilder->insert()
 5 SYSTEMPATH/BaseModel.php(805): CodeIgniter\Model->doInsert([...])
 6 SYSTEMPATH/Model.php(749): CodeIgniter\BaseModel->insert([...], true)
 7 APPPATH/Controllers/TeacherregistrationController.php(64): CodeIgniter\Model->insert([...])
 8 SYSTEMPATH/CodeIgniter.php(943): App\Controllers\TeacherregistrationController->store()
 9 SYSTEMPATH/CodeIgniter.php(503): CodeIgniter\CodeIgniter->runController(Object(App\Controllers\TeacherregistrationController))
10 SYSTEMPATH/CodeIgniter.php(361): CodeIgniter\CodeIgniter->handleRequest(null, Object(Config\Cache), false)
11 FCPATH/index.php(79): CodeIgniter\CodeIgniter->run()
CRITICAL - 2025-09-03 18:47:51 --> [Caused by] mysqli_sql_exception: Column 'teacher_name' cannot be null
in SYSTEMPATH/Database/MySQLi/Connection.php on line 306.
 1 SYSTEMPATH/Database/MySQLi/Connection.php(306): mysqli->query('INSERT INTO `teacher_registration` (`teacher_id`, `teacher_name`, `teacher_email`, `teacher_mobile`, `teacher_password`) VALUES (\'TEA2524655BC9\', NULL, NULL, NULL, NULL)', 0)
 2 SYSTEMPATH/Database/BaseConnection.php(693): CodeIgniter\Database\MySQLi\Connection->execute('INSERT INTO `teacher_registration` (`teacher_id`, `teacher_name`, `teacher_email`, `teacher_mobile`, `teacher_password`) VALUES (\'TEA2524655BC9\', NULL, NULL, NULL, NULL)')
 3 SYSTEMPATH/Database/BaseConnection.php(607): CodeIgniter\Database\BaseConnection->simpleQuery('INSERT INTO `teacher_registration` (`teacher_id`, `teacher_name`, `teacher_email`, `teacher_mobile`, `teacher_password`) VALUES (\'TEA2524655BC9\', NULL, NULL, NULL, NULL)')
 4 SYSTEMPATH/Database/BaseBuilder.php(2307): CodeIgniter\Database\BaseConnection->query('INSERT INTO `teacher_registration` (`teacher_id`, `teacher_name`, `teacher_email`, `teacher_mobile`, `teacher_password`) VALUES (:teacher_id:, :teacher_name:, :teacher_email:, :teacher_mobile:, :teacher_password:)', [...], false)
 5 SYSTEMPATH/Model.php(327): CodeIgniter\Database\BaseBuilder->insert()
 6 SYSTEMPATH/BaseModel.php(805): CodeIgniter\Model->doInsert([...])
 7 SYSTEMPATH/Model.php(749): CodeIgniter\BaseModel->insert([...], true)
 8 APPPATH/Controllers/TeacherregistrationController.php(64): CodeIgniter\Model->insert([...])
 9 SYSTEMPATH/CodeIgniter.php(943): App\Controllers\TeacherregistrationController->store()
10 SYSTEMPATH/CodeIgniter.php(503): CodeIgniter\CodeIgniter->runController(Object(App\Controllers\TeacherregistrationController))
11 SYSTEMPATH/CodeIgniter.php(361): CodeIgniter\CodeIgniter->handleRequest(null, Object(Config\Cache), false)
12 FCPATH/index.php(79): CodeIgniter\CodeIgniter->run()
INFO - 2025-09-03 18:54:52 --> Session: Class initialized using 'CodeIgniter\Session\Handlers\FileHandler' driver.
ERROR - 2025-09-03 18:54:52 --> mysqli_sql_exception: Column 'teacher_name' cannot be null in /var/www/html/vendor/codeigniter4/framework/system/Database/MySQLi/Connection.php:306
Stack trace:
#0 /var/www/html/vendor/codeigniter4/framework/system/Database/MySQLi/Connection.php(306): mysqli->query('INSERT INTO `te...', 0)
#1 /var/www/html/vendor/codeigniter4/framework/system/Database/BaseConnection.php(693): CodeIgniter\Database\MySQLi\Connection->execute('INSERT INTO `te...')
#2 /var/www/html/vendor/codeigniter4/framework/system/Database/BaseConnection.php(607): CodeIgniter\Database\BaseConnection->simpleQuery('INSERT INTO `te...')
#3 /var/www/html/vendor/codeigniter4/framework/system/Database/BaseBuilder.php(2307): CodeIgniter\Database\BaseConnection->query('INSERT INTO `te...', Array, false)
#4 /var/www/html/vendor/codeigniter4/framework/system/Model.php(327): CodeIgniter\Database\BaseBuilder->insert()
#5 /var/www/html/vendor/codeigniter4/framework/system/BaseModel.php(805): CodeIgniter\Model->doInsert(Array)
#6 /var/www/html/vendor/codeigniter4/framework/system/Model.php(749): CodeIgniter\BaseModel->insert(Array, true)
#7 /var/www/html/app/Controllers/TeacherregistrationController.php(64): CodeIgniter\Model->insert(Array)
#8 /var/www/html/vendor/codeigniter4/framework/system/CodeIgniter.php(943): App\Controllers\TeacherregistrationController->store()
#9 /var/www/html/vendor/codeigniter4/framework/system/CodeIgniter.php(503): CodeIgniter\CodeIgniter->runController(Object(App\Controllers\TeacherregistrationController))
#10 /var/www/html/vendor/codeigniter4/framework/system/CodeIgniter.php(361): CodeIgniter\CodeIgniter->handleRequest(NULL, Object(Config\Cache), false)
#11 /var/www/html/index.php(79): CodeIgniter\CodeIgniter->run()
#12 {main}
CRITICAL - 2025-09-03 18:54:52 --> CodeIgniter\Database\Exceptions\DatabaseException: Column 'teacher_name' cannot be null
in SYSTEMPATH/Database/BaseConnection.php on line 647.
 1 SYSTEMPATH/Database/BaseBuilder.php(2307): CodeIgniter\Database\BaseConnection->query('INSERT INTO `teacher_registration` (`teacher_id`, `teacher_name`, `teacher_email`, `teacher_mobile`, `teacher_password`) VALUES (:teacher_id:, :teacher_name:, :teacher_email:, :teacher_mobile:, :teacher_password:)', [...], false)
 2 SYSTEMPATH/Model.php(327): CodeIgniter\Database\BaseBuilder->insert()
 3 SYSTEMPATH/BaseModel.php(805): CodeIgniter\Model->doInsert([...])
 4 SYSTEMPATH/Model.php(749): CodeIgniter\BaseModel->insert([...], true)
 5 APPPATH/Controllers/TeacherregistrationController.php(64): CodeIgniter\Model->insert([...])
 6 SYSTEMPATH/CodeIgniter.php(943): App\Controllers\TeacherregistrationController->store()
 7 SYSTEMPATH/CodeIgniter.php(503): CodeIgniter\CodeIgniter->runController(Object(App\Controllers\TeacherregistrationController))
 8 SYSTEMPATH/CodeIgniter.php(361): CodeIgniter\CodeIgniter->handleRequest(null, Object(Config\Cache), false)
 9 FCPATH/index.php(79): CodeIgniter\CodeIgniter->run()
CRITICAL - 2025-09-03 18:54:52 --> [Caused by] CodeIgniter\Database\Exceptions\DatabaseException: Column 'teacher_name' cannot be null
in SYSTEMPATH/Database/MySQLi/Connection.php on line 311.
 1 SYSTEMPATH/Database/BaseConnection.php(693): CodeIgniter\Database\MySQLi\Connection->execute('INSERT INTO `teacher_registration` (`teacher_id`, `teacher_name`, `teacher_email`, `teacher_mobile`, `teacher_password`) VALUES (\'TEA25246B7A3F\', NULL, NULL, NULL, NULL)')
 2 SYSTEMPATH/Database/BaseConnection.php(607): CodeIgniter\Database\BaseConnection->simpleQuery('INSERT INTO `teacher_registration` (`teacher_id`, `teacher_name`, `teacher_email`, `teacher_mobile`, `teacher_password`) VALUES (\'TEA25246B7A3F\', NULL, NULL, NULL, NULL)')
 3 SYSTEMPATH/Database/BaseBuilder.php(2307): CodeIgniter\Database\BaseConnection->query('INSERT INTO `teacher_registration` (`teacher_id`, `teacher_name`, `teacher_email`, `teacher_mobile`, `teacher_password`) VALUES (:teacher_id:, :teacher_name:, :teacher_email:, :teacher_mobile:, :teacher_password:)', [...], false)
 4 SYSTEMPATH/Model.php(327): CodeIgniter\Database\BaseBuilder->insert()
 5 SYSTEMPATH/BaseModel.php(805): CodeIgniter\Model->doInsert([...])
 6 SYSTEMPATH/Model.php(749): CodeIgniter\BaseModel->insert([...], true)
 7 APPPATH/Controllers/TeacherregistrationController.php(64): CodeIgniter\Model->insert([...])
 8 SYSTEMPATH/CodeIgniter.php(943): App\Controllers\TeacherregistrationController->store()
 9 SYSTEMPATH/CodeIgniter.php(503): CodeIgniter\CodeIgniter->runController(Object(App\Controllers\TeacherregistrationController))
10 SYSTEMPATH/CodeIgniter.php(361): CodeIgniter\CodeIgniter->handleRequest(null, Object(Config\Cache), false)
11 FCPATH/index.php(79): CodeIgniter\CodeIgniter->run()
CRITICAL - 2025-09-03 18:54:52 --> [Caused by] mysqli_sql_exception: Column 'teacher_name' cannot be null
in SYSTEMPATH/Database/MySQLi/Connection.php on line 306.
 1 SYSTEMPATH/Database/MySQLi/Connection.php(306): mysqli->query('INSERT INTO `teacher_registration` (`teacher_id`, `teacher_name`, `teacher_email`, `teacher_mobile`, `teacher_password`) VALUES (\'TEA25246B7A3F\', NULL, NULL, NULL, NULL)', 0)
 2 SYSTEMPATH/Database/BaseConnection.php(693): CodeIgniter\Database\MySQLi\Connection->execute('INSERT INTO `teacher_registration` (`teacher_id`, `teacher_name`, `teacher_email`, `teacher_mobile`, `teacher_password`) VALUES (\'TEA25246B7A3F\', NULL, NULL, NULL, NULL)')
 3 SYSTEMPATH/Database/BaseConnection.php(607): CodeIgniter\Database\BaseConnection->simpleQuery('INSERT INTO `teacher_registration` (`teacher_id`, `teacher_name`, `teacher_email`, `teacher_mobile`, `teacher_password`) VALUES (\'TEA25246B7A3F\', NULL, NULL, NULL, NULL)')
 4 SYSTEMPATH/Database/BaseBuilder.php(2307): CodeIgniter\Database\BaseConnection->query('INSERT INTO `teacher_registration` (`teacher_id`, `teacher_name`, `teacher_email`, `teacher_mobile`, `teacher_password`) VALUES (:teacher_id:, :teacher_name:, :teacher_email:, :teacher_mobile:, :teacher_password:)', [...], false)
 5 SYSTEMPATH/Model.php(327): CodeIgniter\Database\BaseBuilder->insert()
 6 SYSTEMPATH/BaseModel.php(805): CodeIgniter\Model->doInsert([...])
 7 SYSTEMPATH/Model.php(749): CodeIgniter\BaseModel->insert([...], true)
 8 APPPATH/Controllers/TeacherregistrationController.php(64): CodeIgniter\Model->insert([...])
 9 SYSTEMPATH/CodeIgniter.php(943): App\Controllers\TeacherregistrationController->store()
10 SYSTEMPATH/CodeIgniter.php(503): CodeIgniter\CodeIgniter->runController(Object(App\Controllers\TeacherregistrationController))
11 SYSTEMPATH/CodeIgniter.php(361): CodeIgniter\CodeIgniter->handleRequest(null, Object(Config\Cache), false)
12 FCPATH/index.php(79): CodeIgniter\CodeIgniter->run()
INFO - 2025-09-03 19:06:30 --> Session: Class initialized using 'CodeIgniter\Session\Handlers\FileHandler' driver.
ERROR - 2025-09-03 19:06:30 --> mysqli_sql_exception: Column 'teacher_name' cannot be null in /var/www/html/vendor/codeigniter4/framework/system/Database/MySQLi/Connection.php:306
Stack trace:
#0 /var/www/html/vendor/codeigniter4/framework/system/Database/MySQLi/Connection.php(306): mysqli->query('INSERT INTO `te...', 0)
#1 /var/www/html/vendor/codeigniter4/framework/system/Database/BaseConnection.php(693): CodeIgniter\Database\MySQLi\Connection->execute('INSERT INTO `te...')
#2 /var/www/html/vendor/codeigniter4/framework/system/Database/BaseConnection.php(607): CodeIgniter\Database\BaseConnection->simpleQuery('INSERT INTO `te...')
#3 /var/www/html/vendor/codeigniter4/framework/system/Database/BaseBuilder.php(2307): CodeIgniter\Database\BaseConnection->query('INSERT INTO `te...', Array, false)
#4 /var/www/html/vendor/codeigniter4/framework/system/Model.php(327): CodeIgniter\Database\BaseBuilder->insert()
#5 /var/www/html/vendor/codeigniter4/framework/system/BaseModel.php(805): CodeIgniter\Model->doInsert(Array)
#6 /var/www/html/vendor/codeigniter4/framework/system/Model.php(749): CodeIgniter\BaseModel->insert(Array, true)
#7 /var/www/html/app/Controllers/TeacherregistrationController.php(64): CodeIgniter\Model->insert(Array)
#8 /var/www/html/vendor/codeigniter4/framework/system/CodeIgniter.php(943): App\Controllers\TeacherregistrationController->store()
#9 /var/www/html/vendor/codeigniter4/framework/system/CodeIgniter.php(503): CodeIgniter\CodeIgniter->runController(Object(App\Controllers\TeacherregistrationController))
#10 /var/www/html/vendor/codeigniter4/framework/system/CodeIgniter.php(361): CodeIgniter\CodeIgniter->handleRequest(NULL, Object(Config\Cache), false)
#11 /var/www/html/index.php(79): CodeIgniter\CodeIgniter->run()
#12 {main}
CRITICAL - 2025-09-03 19:06:30 --> CodeIgniter\Database\Exceptions\DatabaseException: Column 'teacher_name' cannot be null
in SYSTEMPATH/Database/BaseConnection.php on line 647.
 1 SYSTEMPATH/Database/BaseBuilder.php(2307): CodeIgniter\Database\BaseConnection->query('INSERT INTO `teacher_registration` (`teacher_id`, `teacher_name`, `teacher_email`, `teacher_mobile`, `teacher_password`) VALUES (:teacher_id:, :teacher_name:, :teacher_email:, :teacher_mobile:, :teacher_password:)', [...], false)
 2 SYSTEMPATH/Model.php(327): CodeIgniter\Database\BaseBuilder->insert()
 3 SYSTEMPATH/BaseModel.php(805): CodeIgniter\Model->doInsert([...])
 4 SYSTEMPATH/Model.php(749): CodeIgniter\BaseModel->insert([...], true)
 5 APPPATH/Controllers/TeacherregistrationController.php(64): CodeIgniter\Model->insert([...])
 6 SYSTEMPATH/CodeIgniter.php(943): App\Controllers\TeacherregistrationController->store()
 7 SYSTEMPATH/CodeIgniter.php(503): CodeIgniter\CodeIgniter->runController(Object(App\Controllers\TeacherregistrationController))
 8 SYSTEMPATH/CodeIgniter.php(361): CodeIgniter\CodeIgniter->handleRequest(null, Object(Config\Cache), false)
 9 FCPATH/index.php(79): CodeIgniter\CodeIgniter->run()
CRITICAL - 2025-09-03 19:06:30 --> [Caused by] CodeIgniter\Database\Exceptions\DatabaseException: Column 'teacher_name' cannot be null
in SYSTEMPATH/Database/MySQLi/Connection.php on line 311.
 1 SYSTEMPATH/Database/BaseConnection.php(693): CodeIgniter\Database\MySQLi\Connection->execute('INSERT INTO `teacher_registration` (`teacher_id`, `teacher_name`, `teacher_email`, `teacher_mobile`, `teacher_password`) VALUES (\'TEA252462C74E\', NULL, NULL, NULL, NULL)')
 2 SYSTEMPATH/Database/BaseConnection.php(607): CodeIgniter\Database\BaseConnection->simpleQuery('INSERT INTO `teacher_registration` (`teacher_id`, `teacher_name`, `teacher_email`, `teacher_mobile`, `teacher_password`) VALUES (\'TEA252462C74E\', NULL, NULL, NULL, NULL)')
 3 SYSTEMPATH/Database/BaseBuilder.php(2307): CodeIgniter\Database\BaseConnection->query('INSERT INTO `teacher_registration` (`teacher_id`, `teacher_name`, `teacher_email`, `teacher_mobile`, `teacher_password`) VALUES (:teacher_id:, :teacher_name:, :teacher_email:, :teacher_mobile:, :teacher_password:)', [...], false)
 4 SYSTEMPATH/Model.php(327): CodeIgniter\Database\BaseBuilder->insert()
 5 SYSTEMPATH/BaseModel.php(805): CodeIgniter\Model->doInsert([...])
 6 SYSTEMPATH/Model.php(749): CodeIgniter\BaseModel->insert([...], true)
 7 APPPATH/Controllers/TeacherregistrationController.php(64): CodeIgniter\Model->insert([...])
 8 SYSTEMPATH/CodeIgniter.php(943): App\Controllers\TeacherregistrationController->store()
 9 SYSTEMPATH/CodeIgniter.php(503): CodeIgniter\CodeIgniter->runController(Object(App\Controllers\TeacherregistrationController))
10 SYSTEMPATH/CodeIgniter.php(361): CodeIgniter\CodeIgniter->handleRequest(null, Object(Config\Cache), false)
11 FCPATH/index.php(79): CodeIgniter\CodeIgniter->run()
CRITICAL - 2025-09-03 19:06:30 --> [Caused by] mysqli_sql_exception: Column 'teacher_name' cannot be null
in SYSTEMPATH/Database/MySQLi/Connection.php on line 306.
 1 SYSTEMPATH/Database/MySQLi/Connection.php(306): mysqli->query('INSERT INTO `teacher_registration` (`teacher_id`, `teacher_name`, `teacher_email`, `teacher_mobile`, `teacher_password`) VALUES (\'TEA252462C74E\', NULL, NULL, NULL, NULL)', 0)
 2 SYSTEMPATH/Database/BaseConnection.php(693): CodeIgniter\Database\MySQLi\Connection->execute('INSERT INTO `teacher_registration` (`teacher_id`, `teacher_name`, `teacher_email`, `teacher_mobile`, `teacher_password`) VALUES (\'TEA252462C74E\', NULL, NULL, NULL, NULL)')
 3 SYSTEMPATH/Database/BaseConnection.php(607): CodeIgniter\Database\BaseConnection->simpleQuery('INSERT INTO `teacher_registration` (`teacher_id`, `teacher_name`, `teacher_email`, `teacher_mobile`, `teacher_password`) VALUES (\'TEA252462C74E\', NULL, NULL, NULL, NULL)')
 4 SYSTEMPATH/Database/BaseBuilder.php(2307): CodeIgniter\Database\BaseConnection->query('INSERT INTO `teacher_registration` (`teacher_id`, `teacher_name`, `teacher_email`, `teacher_mobile`, `teacher_password`) VALUES (:teacher_id:, :teacher_name:, :teacher_email:, :teacher_mobile:, :teacher_password:)', [...], false)
 5 SYSTEMPATH/Model.php(327): CodeIgniter\Database\BaseBuilder->insert()
 6 SYSTEMPATH/BaseModel.php(805): CodeIgniter\Model->doInsert([...])
 7 SYSTEMPATH/Model.php(749): CodeIgniter\BaseModel->insert([...], true)
 8 APPPATH/Controllers/TeacherregistrationController.php(64): CodeIgniter\Model->insert([...])
 9 SYSTEMPATH/CodeIgniter.php(943): App\Controllers\TeacherregistrationController->store()
10 SYSTEMPATH/CodeIgniter.php(503): CodeIgniter\CodeIgniter->runController(Object(App\Controllers\TeacherregistrationController))
11 SYSTEMPATH/CodeIgniter.php(361): CodeIgniter\CodeIgniter->handleRequest(null, Object(Config\Cache), false)
12 FCPATH/index.php(79): CodeIgniter\CodeIgniter->run()
INFO - 2025-09-03 19:15:18 --> Session: Class initialized using 'CodeIgniter\Session\Handlers\FileHandler' driver.
ERROR - 2025-09-03 19:15:18 --> mysqli_sql_exception: Column 'teacher_name' cannot be null in /var/www/html/vendor/codeigniter4/framework/system/Database/MySQLi/Connection.php:306
Stack trace:
#0 /var/www/html/vendor/codeigniter4/framework/system/Database/MySQLi/Connection.php(306): mysqli->query('INSERT INTO `te...', 0)
#1 /var/www/html/vendor/codeigniter4/framework/system/Database/BaseConnection.php(693): CodeIgniter\Database\MySQLi\Connection->execute('INSERT INTO `te...')
#2 /var/www/html/vendor/codeigniter4/framework/system/Database/BaseConnection.php(607): CodeIgniter\Database\BaseConnection->simpleQuery('INSERT INTO `te...')
#3 /var/www/html/vendor/codeigniter4/framework/system/Database/BaseBuilder.php(2307): CodeIgniter\Database\BaseConnection->query('INSERT INTO `te...', Array, false)
#4 /var/www/html/vendor/codeigniter4/framework/system/Model.php(327): CodeIgniter\Database\BaseBuilder->insert()
#5 /var/www/html/vendor/codeigniter4/framework/system/BaseModel.php(805): CodeIgniter\Model->doInsert(Array)
#6 /var/www/html/vendor/codeigniter4/framework/system/Model.php(749): CodeIgniter\BaseModel->insert(Array, true)
#7 /var/www/html/app/Controllers/TeacherregistrationController.php(64): CodeIgniter\Model->insert(Array)
#8 /var/www/html/vendor/codeigniter4/framework/system/CodeIgniter.php(943): App\Controllers\TeacherregistrationController->store()
#9 /var/www/html/vendor/codeigniter4/framework/system/CodeIgniter.php(503): CodeIgniter\CodeIgniter->runController(Object(App\Controllers\TeacherregistrationController))
#10 /var/www/html/vendor/codeigniter4/framework/system/CodeIgniter.php(361): CodeIgniter\CodeIgniter->handleRequest(NULL, Object(Config\Cache), false)
#11 /var/www/html/index.php(79): CodeIgniter\CodeIgniter->run()
#12 {main}
CRITICAL - 2025-09-03 19:15:18 --> CodeIgniter\Database\Exceptions\DatabaseException: Column 'teacher_name' cannot be null
in SYSTEMPATH/Database/BaseConnection.php on line 647.
 1 SYSTEMPATH/Database/BaseBuilder.php(2307): CodeIgniter\Database\BaseConnection->query('INSERT INTO `teacher_registration` (`teacher_id`, `teacher_name`, `teacher_email`, `teacher_mobile`, `teacher_password`) VALUES (:teacher_id:, :teacher_name:, :teacher_email:, :teacher_mobile:, :teacher_password:)', [...], false)
 2 SYSTEMPATH/Model.php(327): CodeIgniter\Database\BaseBuilder->insert()
 3 SYSTEMPATH/BaseModel.php(805): CodeIgniter\Model->doInsert([...])
 4 SYSTEMPATH/Model.php(749): CodeIgniter\BaseModel->insert([...], true)
 5 APPPATH/Controllers/TeacherregistrationController.php(64): CodeIgniter\Model->insert([...])
 6 SYSTEMPATH/CodeIgniter.php(943): App\Controllers\TeacherregistrationController->store()
 7 SYSTEMPATH/CodeIgniter.php(503): CodeIgniter\CodeIgniter->runController(Object(App\Controllers\TeacherregistrationController))
 8 SYSTEMPATH/CodeIgniter.php(361): CodeIgniter\CodeIgniter->handleRequest(null, Object(Config\Cache), false)
 9 FCPATH/index.php(79): CodeIgniter\CodeIgniter->run()
CRITICAL - 2025-09-03 19:15:18 --> [Caused by] CodeIgniter\Database\Exceptions\DatabaseException: Column 'teacher_name' cannot be null
in SYSTEMPATH/Database/MySQLi/Connection.php on line 311.
 1 SYSTEMPATH/Database/BaseConnection.php(693): CodeIgniter\Database\MySQLi\Connection->execute('INSERT INTO `teacher_registration` (`teacher_id`, `teacher_name`, `teacher_email`, `teacher_mobile`, `teacher_password`) VALUES (\'TEA2524679173\', NULL, NULL, NULL, NULL)')
 2 SYSTEMPATH/Database/BaseConnection.php(607): CodeIgniter\Database\BaseConnection->simpleQuery('INSERT INTO `teacher_registration` (`teacher_id`, `teacher_name`, `teacher_email`, `teacher_mobile`, `teacher_password`) VALUES (\'TEA2524679173\', NULL, NULL, NULL, NULL)')
 3 SYSTEMPATH/Database/BaseBuilder.php(2307): CodeIgniter\Database\BaseConnection->query('INSERT INTO `teacher_registration` (`teacher_id`, `teacher_name`, `teacher_email`, `teacher_mobile`, `teacher_password`) VALUES (:teacher_id:, :teacher_name:, :teacher_email:, :teacher_mobile:, :teacher_password:)', [...], false)
 4 SYSTEMPATH/Model.php(327): CodeIgniter\Database\BaseBuilder->insert()
 5 SYSTEMPATH/BaseModel.php(805): CodeIgniter\Model->doInsert([...])
 6 SYSTEMPATH/Model.php(749): CodeIgniter\BaseModel->insert([...], true)
 7 APPPATH/Controllers/TeacherregistrationController.php(64): CodeIgniter\Model->insert([...])
 8 SYSTEMPATH/CodeIgniter.php(943): App\Controllers\TeacherregistrationController->store()
 9 SYSTEMPATH/CodeIgniter.php(503): CodeIgniter\CodeIgniter->runController(Object(App\Controllers\TeacherregistrationController))
10 SYSTEMPATH/CodeIgniter.php(361): CodeIgniter\CodeIgniter->handleRequest(null, Object(Config\Cache), false)
11 FCPATH/index.php(79): CodeIgniter\CodeIgniter->run()
CRITICAL - 2025-09-03 19:15:18 --> [Caused by] mysqli_sql_exception: Column 'teacher_name' cannot be null
in SYSTEMPATH/Database/MySQLi/Connection.php on line 306.
 1 SYSTEMPATH/Database/MySQLi/Connection.php(306): mysqli->query('INSERT INTO `teacher_registration` (`teacher_id`, `teacher_name`, `teacher_email`, `teacher_mobile`, `teacher_password`) VALUES (\'TEA2524679173\', NULL, NULL, NULL, NULL)', 0)
 2 SYSTEMPATH/Database/BaseConnection.php(693): CodeIgniter\Database\MySQLi\Connection->execute('INSERT INTO `teacher_registration` (`teacher_id`, `teacher_name`, `teacher_email`, `teacher_mobile`, `teacher_password`) VALUES (\'TEA2524679173\', NULL, NULL, NULL, NULL)')
 3 SYSTEMPATH/Database/BaseConnection.php(607): CodeIgniter\Database\BaseConnection->simpleQuery('INSERT INTO `teacher_registration` (`teacher_id`, `teacher_name`, `teacher_email`, `teacher_mobile`, `teacher_password`) VALUES (\'TEA2524679173\', NULL, NULL, NULL, NULL)')
 4 SYSTEMPATH/Database/BaseBuilder.php(2307): CodeIgniter\Database\BaseConnection->query('INSERT INTO `teacher_registration` (`teacher_id`, `teacher_name`, `teacher_email`, `teacher_mobile`, `teacher_password`) VALUES (:teacher_id:, :teacher_name:, :teacher_email:, :teacher_mobile:, :teacher_password:)', [...], false)
 5 SYSTEMPATH/Model.php(327): CodeIgniter\Database\BaseBuilder->insert()
 6 SYSTEMPATH/BaseModel.php(805): CodeIgniter\Model->doInsert([...])
 7 SYSTEMPATH/Model.php(749): CodeIgniter\BaseModel->insert([...], true)
 8 APPPATH/Controllers/TeacherregistrationController.php(64): CodeIgniter\Model->insert([...])
 9 SYSTEMPATH/CodeIgniter.php(943): App\Controllers\TeacherregistrationController->store()
10 SYSTEMPATH/CodeIgniter.php(503): CodeIgniter\CodeIgniter->runController(Object(App\Controllers\TeacherregistrationController))
11 SYSTEMPATH/CodeIgniter.php(361): CodeIgniter\CodeIgniter->handleRequest(null, Object(Config\Cache), false)
12 FCPATH/index.php(79): CodeIgniter\CodeIgniter->run()
INFO - 2025-09-03 19:26:52 --> Session: Class initialized using 'CodeIgniter\Session\Handlers\FileHandler' driver.
ERROR - 2025-09-03 19:26:52 --> mysqli_sql_exception: Column 'teacher_name' cannot be null in /var/www/html/vendor/codeigniter4/framework/system/Database/MySQLi/Connection.php:306
Stack trace:
#0 /var/www/html/vendor/codeigniter4/framework/system/Database/MySQLi/Connection.php(306): mysqli->query('INSERT INTO `te...', 0)
#1 /var/www/html/vendor/codeigniter4/framework/system/Database/BaseConnection.php(693): CodeIgniter\Database\MySQLi\Connection->execute('INSERT INTO `te...')
#2 /var/www/html/vendor/codeigniter4/framework/system/Database/BaseConnection.php(607): CodeIgniter\Database\BaseConnection->simpleQuery('INSERT INTO `te...')
#3 /var/www/html/vendor/codeigniter4/framework/system/Database/BaseBuilder.php(2307): CodeIgniter\Database\BaseConnection->query('INSERT INTO `te...', Array, false)
#4 /var/www/html/vendor/codeigniter4/framework/system/Model.php(327): CodeIgniter\Database\BaseBuilder->insert()
#5 /var/www/html/vendor/codeigniter4/framework/system/BaseModel.php(805): CodeIgniter\Model->doInsert(Array)
#6 /var/www/html/vendor/codeigniter4/framework/system/Model.php(749): CodeIgniter\BaseModel->insert(Array, true)
#7 /var/www/html/app/Controllers/TeacherregistrationController.php(64): CodeIgniter\Model->insert(Array)
#8 /var/www/html/vendor/codeigniter4/framework/system/CodeIgniter.php(943): App\Controllers\TeacherregistrationController->store()
#9 /var/www/html/vendor/codeigniter4/framework/system/CodeIgniter.php(503): CodeIgniter\CodeIgniter->runController(Object(App\Controllers\TeacherregistrationController))
#10 /var/www/html/vendor/codeigniter4/framework/system/CodeIgniter.php(361): CodeIgniter\CodeIgniter->handleRequest(NULL, Object(Config\Cache), false)
#11 /var/www/html/index.php(79): CodeIgniter\CodeIgniter->run()
#12 {main}
CRITICAL - 2025-09-03 19:26:52 --> CodeIgniter\Database\Exceptions\DatabaseException: Column 'teacher_name' cannot be null
in SYSTEMPATH/Database/BaseConnection.php on line 647.
 1 SYSTEMPATH/Database/BaseBuilder.php(2307): CodeIgniter\Database\BaseConnection->query('INSERT INTO `teacher_registration` (`teacher_id`, `teacher_name`, `teacher_email`, `teacher_mobile`, `teacher_password`) VALUES (:teacher_id:, :teacher_name:, :teacher_email:, :teacher_mobile:, :teacher_password:)', [...], false)
 2 SYSTEMPATH/Model.php(327): CodeIgniter\Database\BaseBuilder->insert()
 3 SYSTEMPATH/BaseModel.php(805): CodeIgniter\Model->doInsert([...])
 4 SYSTEMPATH/Model.php(749): CodeIgniter\BaseModel->insert([...], true)
 5 APPPATH/Controllers/TeacherregistrationController.php(64): CodeIgniter\Model->insert([...])
 6 SYSTEMPATH/CodeIgniter.php(943): App\Controllers\TeacherregistrationController->store()
 7 SYSTEMPATH/CodeIgniter.php(503): CodeIgniter\CodeIgniter->runController(Object(App\Controllers\TeacherregistrationController))
 8 SYSTEMPATH/CodeIgniter.php(361): CodeIgniter\CodeIgniter->handleRequest(null, Object(Config\Cache), false)
 9 FCPATH/index.php(79): CodeIgniter\CodeIgniter->run()
CRITICAL - 2025-09-03 19:26:52 --> [Caused by] CodeIgniter\Database\Exceptions\DatabaseException: Column 'teacher_name' cannot be null
in SYSTEMPATH/Database/MySQLi/Connection.php on line 311.
 1 SYSTEMPATH/Database/BaseConnection.php(693): CodeIgniter\Database\MySQLi\Connection->execute('INSERT INTO `teacher_registration` (`teacher_id`, `teacher_name`, `teacher_email`, `teacher_mobile`, `teacher_password`) VALUES (\'TEA25246D1CCA\', NULL, NULL, NULL, NULL)')
 2 SYSTEMPATH/Database/BaseConnection.php(607): CodeIgniter\Database\BaseConnection->simpleQuery('INSERT INTO `teacher_registration` (`teacher_id`, `teacher_name`, `teacher_email`, `teacher_mobile`, `teacher_password`) VALUES (\'TEA25246D1CCA\', NULL, NULL, NULL, NULL)')
 3 SYSTEMPATH/Database/BaseBuilder.php(2307): CodeIgniter\Database\BaseConnection->query('INSERT INTO `teacher_registration` (`teacher_id`, `teacher_name`, `teacher_email`, `teacher_mobile`, `teacher_password`) VALUES (:teacher_id:, :teacher_name:, :teacher_email:, :teacher_mobile:, :teacher_password:)', [...], false)
 4 SYSTEMPATH/Model.php(327): CodeIgniter\Database\BaseBuilder->insert()
 5 SYSTEMPATH/BaseModel.php(805): CodeIgniter\Model->doInsert([...])
 6 SYSTEMPATH/Model.php(749): CodeIgniter\BaseModel->insert([...], true)
 7 APPPATH/Controllers/TeacherregistrationController.php(64): CodeIgniter\Model->insert([...])
 8 SYSTEMPATH/CodeIgniter.php(943): App\Controllers\TeacherregistrationController->store()
 9 SYSTEMPATH/CodeIgniter.php(503): CodeIgniter\CodeIgniter->runController(Object(App\Controllers\TeacherregistrationController))
10 SYSTEMPATH/CodeIgniter.php(361): CodeIgniter\CodeIgniter->handleRequest(null, Object(Config\Cache), false)
11 FCPATH/index.php(79): CodeIgniter\CodeIgniter->run()
CRITICAL - 2025-09-03 19:26:52 --> [Caused by] mysqli_sql_exception: Column 'teacher_name' cannot be null
in SYSTEMPATH/Database/MySQLi/Connection.php on line 306.
 1 SYSTEMPATH/Database/MySQLi/Connection.php(306): mysqli->query('INSERT INTO `teacher_registration` (`teacher_id`, `teacher_name`, `teacher_email`, `teacher_mobile`, `teacher_password`) VALUES (\'TEA25246D1CCA\', NULL, NULL, NULL, NULL)', 0)
 2 SYSTEMPATH/Database/BaseConnection.php(693): CodeIgniter\Database\MySQLi\Connection->execute('INSERT INTO `teacher_registration` (`teacher_id`, `teacher_name`, `teacher_email`, `teacher_mobile`, `teacher_password`) VALUES (\'TEA25246D1CCA\', NULL, NULL, NULL, NULL)')
 3 SYSTEMPATH/Database/BaseConnection.php(607): CodeIgniter\Database\BaseConnection->simpleQuery('INSERT INTO `teacher_registration` (`teacher_id`, `teacher_name`, `teacher_email`, `teacher_mobile`, `teacher_password`) VALUES (\'TEA25246D1CCA\', NULL, NULL, NULL, NULL)')
 4 SYSTEMPATH/Database/BaseBuilder.php(2307): CodeIgniter\Database\BaseConnection->query('INSERT INTO `teacher_registration` (`teacher_id`, `teacher_name`, `teacher_email`, `teacher_mobile`, `teacher_password`) VALUES (:teacher_id:, :teacher_name:, :teacher_email:, :teacher_mobile:, :teacher_password:)', [...], false)
 5 SYSTEMPATH/Model.php(327): CodeIgniter\Database\BaseBuilder->insert()
 6 SYSTEMPATH/BaseModel.php(805): CodeIgniter\Model->doInsert([...])
 7 SYSTEMPATH/Model.php(749): CodeIgniter\BaseModel->insert([...], true)
 8 APPPATH/Controllers/TeacherregistrationController.php(64): CodeIgniter\Model->insert([...])
 9 SYSTEMPATH/CodeIgniter.php(943): App\Controllers\TeacherregistrationController->store()
10 SYSTEMPATH/CodeIgniter.php(503): CodeIgniter\CodeIgniter->runController(Object(App\Controllers\TeacherregistrationController))
11 SYSTEMPATH/CodeIgniter.php(361): CodeIgniter\CodeIgniter->handleRequest(null, Object(Config\Cache), false)
12 FCPATH/index.php(79): CodeIgniter\CodeIgniter->run()
INFO - 2025-09-03 19:37:19 --> Session: Class initialized using 'CodeIgniter\Session\Handlers\FileHandler' driver.
ERROR - 2025-09-03 19:37:19 --> mysqli_sql_exception: Column 'teacher_name' cannot be null in /var/www/html/vendor/codeigniter4/framework/system/Database/MySQLi/Connection.php:306
Stack trace:
#0 /var/www/html/vendor/codeigniter4/framework/system/Database/MySQLi/Connection.php(306): mysqli->query('INSERT INTO `te...', 0)
#1 /var/www/html/vendor/codeigniter4/framework/system/Database/BaseConnection.php(693): CodeIgniter\Database\MySQLi\Connection->execute('INSERT INTO `te...')
#2 /var/www/html/vendor/codeigniter4/framework/system/Database/BaseConnection.php(607): CodeIgniter\Database\BaseConnection->simpleQuery('INSERT INTO `te...')
#3 /var/www/html/vendor/codeigniter4/framework/system/Database/BaseBuilder.php(2307): CodeIgniter\Database\BaseConnection->query('INSERT INTO `te...', Array, false)
#4 /var/www/html/vendor/codeigniter4/framework/system/Model.php(327): CodeIgniter\Database\BaseBuilder->insert()
#5 /var/www/html/vendor/codeigniter4/framework/system/BaseModel.php(805): CodeIgniter\Model->doInsert(Array)
#6 /var/www/html/vendor/codeigniter4/framework/system/Model.php(749): CodeIgniter\BaseModel->insert(Array, true)
#7 /var/www/html/app/Controllers/TeacherregistrationController.php(64): CodeIgniter\Model->insert(Array)
#8 /var/www/html/vendor/codeigniter4/framework/system/CodeIgniter.php(943): App\Controllers\TeacherregistrationController->store()
#9 /var/www/html/vendor/codeigniter4/framework/system/CodeIgniter.php(503): CodeIgniter\CodeIgniter->runController(Object(App\Controllers\TeacherregistrationController))
#10 /var/www/html/vendor/codeigniter4/framework/system/CodeIgniter.php(361): CodeIgniter\CodeIgniter->handleRequest(NULL, Object(Config\Cache), false)
#11 /var/www/html/index.php(79): CodeIgniter\CodeIgniter->run()
#12 {main}
CRITICAL - 2025-09-03 19:37:19 --> CodeIgniter\Database\Exceptions\DatabaseException: Column 'teacher_name' cannot be null
in SYSTEMPATH/Database/BaseConnection.php on line 647.
 1 SYSTEMPATH/Database/BaseBuilder.php(2307): CodeIgniter\Database\BaseConnection->query('INSERT INTO `teacher_registration` (`teacher_id`, `teacher_name`, `teacher_email`, `teacher_mobile`, `teacher_password`) VALUES (:teacher_id:, :teacher_name:, :teacher_email:, :teacher_mobile:, :teacher_password:)', [...], false)
 2 SYSTEMPATH/Model.php(327): CodeIgniter\Database\BaseBuilder->insert()
 3 SYSTEMPATH/BaseModel.php(805): CodeIgniter\Model->doInsert([...])
 4 SYSTEMPATH/Model.php(749): CodeIgniter\BaseModel->insert([...], true)
 5 APPPATH/Controllers/TeacherregistrationController.php(64): CodeIgniter\Model->insert([...])
 6 SYSTEMPATH/CodeIgniter.php(943): App\Controllers\TeacherregistrationController->store()
 7 SYSTEMPATH/CodeIgniter.php(503): CodeIgniter\CodeIgniter->runController(Object(App\Controllers\TeacherregistrationController))
 8 SYSTEMPATH/CodeIgniter.php(361): CodeIgniter\CodeIgniter->handleRequest(null, Object(Config\Cache), false)
 9 FCPATH/index.php(79): CodeIgniter\CodeIgniter->run()
CRITICAL - 2025-09-03 19:37:19 --> [Caused by] CodeIgniter\Database\Exceptions\DatabaseException: Column 'teacher_name' cannot be null
in SYSTEMPATH/Database/MySQLi/Connection.php on line 311.
 1 SYSTEMPATH/Database/BaseConnection.php(693): CodeIgniter\Database\MySQLi\Connection->execute('INSERT INTO `teacher_registration` (`teacher_id`, `teacher_name`, `teacher_email`, `teacher_mobile`, `teacher_password`) VALUES (\'TEA2524667BEE\', NULL, NULL, NULL, NULL)')
 2 SYSTEMPATH/Database/BaseConnection.php(607): CodeIgniter\Database\BaseConnection->simpleQuery('INSERT INTO `teacher_registration` (`teacher_id`, `teacher_name`, `teacher_email`, `teacher_mobile`, `teacher_password`) VALUES (\'TEA2524667BEE\', NULL, NULL, NULL, NULL)')
 3 SYSTEMPATH/Database/BaseBuilder.php(2307): CodeIgniter\Database\BaseConnection->query('INSERT INTO `teacher_registration` (`teacher_id`, `teacher_name`, `teacher_email`, `teacher_mobile`, `teacher_password`) VALUES (:teacher_id:, :teacher_name:, :teacher_email:, :teacher_mobile:, :teacher_password:)', [...], false)
 4 SYSTEMPATH/Model.php(327): CodeIgniter\Database\BaseBuilder->insert()
 5 SYSTEMPATH/BaseModel.php(805): CodeIgniter\Model->doInsert([...])
 6 SYSTEMPATH/Model.php(749): CodeIgniter\BaseModel->insert([...], true)
 7 APPPATH/Controllers/TeacherregistrationController.php(64): CodeIgniter\Model->insert([...])
 8 SYSTEMPATH/CodeIgniter.php(943): App\Controllers\TeacherregistrationController->store()
 9 SYSTEMPATH/CodeIgniter.php(503): CodeIgniter\CodeIgniter->runController(Object(App\Controllers\TeacherregistrationController))
10 SYSTEMPATH/CodeIgniter.php(361): CodeIgniter\CodeIgniter->handleRequest(null, Object(Config\Cache), false)
11 FCPATH/index.php(79): CodeIgniter\CodeIgniter->run()
CRITICAL - 2025-09-03 19:37:19 --> [Caused by] mysqli_sql_exception: Column 'teacher_name' cannot be null
in SYSTEMPATH/Database/MySQLi/Connection.php on line 306.
 1 SYSTEMPATH/Database/MySQLi/Connection.php(306): mysqli->query('INSERT INTO `teacher_registration` (`teacher_id`, `teacher_name`, `teacher_email`, `teacher_mobile`, `teacher_password`) VALUES (\'TEA2524667BEE\', NULL, NULL, NULL, NULL)', 0)
 2 SYSTEMPATH/Database/BaseConnection.php(693): CodeIgniter\Database\MySQLi\Connection->execute('INSERT INTO `teacher_registration` (`teacher_id`, `teacher_name`, `teacher_email`, `teacher_mobile`, `teacher_password`) VALUES (\'TEA2524667BEE\', NULL, NULL, NULL, NULL)')
 3 SYSTEMPATH/Database/BaseConnection.php(607): CodeIgniter\Database\BaseConnection->simpleQuery('INSERT INTO `teacher_registration` (`teacher_id`, `teacher_name`, `teacher_email`, `teacher_mobile`, `teacher_password`) VALUES (\'TEA2524667BEE\', NULL, NULL, NULL, NULL)')
 4 SYSTEMPATH/Database/BaseBuilder.php(2307): CodeIgniter\Database\BaseConnection->query('INSERT INTO `teacher_registration` (`teacher_id`, `teacher_name`, `teacher_email`, `teacher_mobile`, `teacher_password`) VALUES (:teacher_id:, :teacher_name:, :teacher_email:, :teacher_mobile:, :teacher_password:)', [...], false)
 5 SYSTEMPATH/Model.php(327): CodeIgniter\Database\BaseBuilder->insert()
 6 SYSTEMPATH/BaseModel.php(805): CodeIgniter\Model->doInsert([...])
 7 SYSTEMPATH/Model.php(749): CodeIgniter\BaseModel->insert([...], true)
 8 APPPATH/Controllers/TeacherregistrationController.php(64): CodeIgniter\Model->insert([...])
 9 SYSTEMPATH/CodeIgniter.php(943): App\Controllers\TeacherregistrationController->store()
10 SYSTEMPATH/CodeIgniter.php(503): CodeIgniter\CodeIgniter->runController(Object(App\Controllers\TeacherregistrationController))
11 SYSTEMPATH/CodeIgniter.php(361): CodeIgniter\CodeIgniter->handleRequest(null, Object(Config\Cache), false)
12 FCPATH/index.php(79): CodeIgniter\CodeIgniter->run()
INFO - 2025-09-03 19:47:12 --> Session: Class initialized using 'CodeIgniter\Session\Handlers\FileHandler' driver.
INFO - 2025-09-03 20:27:02 --> Session: Class initialized using 'CodeIgniter\Session\Handlers\FileHandler' driver.
INFO - 2025-09-03 20:27:02 --> Session: Class initialized using 'CodeIgniter\Session\Handlers\FileHandler' driver.
INFO - 2025-09-03 20:27:28 --> Session: Class initialized using 'CodeIgniter\Session\Handlers\FileHandler' driver.
INFO - 2025-09-03 20:27:30 --> Session: Class initialized using 'CodeIgniter\Session\Handlers\FileHandler' driver.
INFO - 2025-09-03 20:27:46 --> Session: Class initialized using 'CodeIgniter\Session\Handlers\FileHandler' driver.
INFO - 2025-09-03 20:35:10 --> Session: Class initialized using 'CodeIgniter\Session\Handlers\FileHandler' driver.
CRITICAL - 2025-09-03 20:35:10 --> ErrorException: Undefined variable: course_title
in APPPATH/Views/student/course_details_left_contain.php on line 24.
 1 APPPATH/Views/student/course_details_left_contain.php(24): CodeIgniter\Debug\Exceptions->errorHandler(8, 'Undefined variable: course_title', '/var/www/html/app/Views/student/course_details_left_contain.php', 24, [...])
 2 APPPATH/Views/student/CourseDetailsView.php(74): include_once('/var/www/html/app/Views/student/course_details_left_contain.php')
 3 SYSTEMPATH/View/View.php(228): include('/var/www/html/app/Views/student/CourseDetailsView.php')
 4 SYSTEMPATH/View/View.php(231): CodeIgniter\View\View->CodeIgniter\View\{closure}()
 5 SYSTEMPATH/Common.php(1178): CodeIgniter\View\View->render('student/CourseDetailsView', [], true)
 6 APPPATH/Controllers/HomepageController.php(189): view('student/CourseDetailsView', [...])
 7 SYSTEMPATH/CodeIgniter.php(943): App\Controllers\HomepageController->Course_details_view('66')
 8 SYSTEMPATH/CodeIgniter.php(503): CodeIgniter\CodeIgniter->runController(Object(App\Controllers\HomepageController))
 9 SYSTEMPATH/CodeIgniter.php(361): CodeIgniter\CodeIgniter->handleRequest(null, Object(Config\Cache), false)
10 FCPATH/index.php(79): CodeIgniter\CodeIgniter->run()
INFO - 2025-09-03 20:39:03 --> Session: Class initialized using 'CodeIgniter\Session\Handlers\FileHandler' driver.
INFO - 2025-09-03 23:24:55 --> Session: Class initialized using 'CodeIgniter\Session\Handlers\FileHandler' driver.
INFO - 2025-09-03 23:57:07 --> Session: Class initialized using 'CodeIgniter\Session\Handlers\FileHandler' driver.
